// Jest Snapshot v1, https://goo.gl/fbAQLP

exports[`changes the class when hovered 1`] = `
[
  <style
    dangerouslySetInnerHTML={
      {
        "__html": ".css-5c2176{display:-webkit-inline-box;display:-webkit-inline-flex;display:-ms-inline-flexbox;display:inline-flex;-webkit-appearance:none;-moz-appearance:none;-ms-appearance:none;appearance:none;-webkit-align-items:center;-webkit-box-align:center;-ms-flex-align:center;align-items:center;-webkit-box-pack:center;-ms-flex-pack:center;-webkit-justify-content:center;justify-content:center;-webkit-user-select:none;-moz-user-select:none;-ms-user-select:none;user-select:none;position:relative;white-space:nowrap;vertical-align:middle;outline:2px solid transparent;outline-offset:2px;width:auto;}",
      }
    }
    data-emotion="css 5c2176"
  />,
  <button
    className="chakra-button css-5c2176"
    type="button"
  >
    <style
      dangerouslySetInnerHTML={
        {
          "__html": ".css-v7v99c{width:100px;}",
        }
      }
      data-emotion="css v7v99c"
    />
    <img
      alt="btn_image"
      className="chakra-image css-v7v99c"
      src="src"
    />
  </button>,
]
`;
